                                                                                          
  No nodes configured. Add entries under nodes[] in config.yaml.                          
                                                                                          
                                                                                          
                                                                                          
                                                                                          
                                                                                          
                                                                                          
                                                                                          
                                                                                          
                                                                                          
                                                                                          