                                                                                          
  01 · alpha (10.0.0.2:50051)   READY                                                     
                                                 v1.6.0 · ready · firewall:               
                                                 on                                       
                                                                                          
  02 · 10.0.0.3:50051           CONNECTING                                                
                                                 dialing                                  
                                                                                          
                                                                                          
                                                                                          
                                                                                          
                                                                                          
                                                                                          
                                                                                          