                                                                                                                        
  ┌──────────────────────┐  ┌──────────────────────┐  ┌──────────────────────┐  ┌──────────────────────┐                
  │                      │  │                      │  │                      │  │                      │                
  │  0                   │  │  0                   │  │  0                   │  │  0                   │                
  │  Rules               │  │  Connections         │  │  Accepted            │  │  Dropped             │                
  │                      │  │                      │  │                      │  │                      │                
  └──────────────────────┘  └──────────────────────┘  └──────────────────────┘  └──────────────────────┘                
  ┌────────────────────────────────────────┐                                                                            
  │                                        │                                                                            
  │  Traffic mix                           │                                                                            
  │  Accepted                        0%    │                                                                            
  │  Dropped                         0%    │                                                                            
  │  Ignored                         0%    │                                                                            
  │  No traffic yet                        │                                                                            
  │                                        │                                                                            
  └────────────────────────────────────────┘                                                                            
  ┌──────────────────────────┐  ┌──────────────────────────┐  ┌──────────────────────────┐                              
  ┌──────────────────────────┐                                                                                          
  │                          │  │                          │  │                          │  │                           
  │                                                                                                                     
  │  Top destinations        │  │  Top ports               │  │  Top executables         │  │  Top users                
  │                                                                                                                     
  │  Waiting for data        │  │  Waiting for data        │  │  Waiting for data        │  │  Waiting for data         
  │                                                                                                                     
  │                          │  │                          │  │                          │  │                           
  │                                                                                                                     
  └──────────────────────────┘  └──────────────────────────┘  └──────────────────────────┘                              
  └──────────────────────────┘                                                                                          
  Waiting for daemon telemetry                                                                                          
                                                                                                                        