                                                                                
  ┌────────────────┐  ┌────────────────┐  ┌────────────────┐                    
  ┌────────────────┐                                                            
  │                │  │                │  │                │  │                 
  │                                                                             
  │  0             │  │  0             │  │  0             │  │  0              
  │                                                                             
  │  Rules         │  │  Connections   │  │  Accepted      │  │  Dropped        
  │                                                                             
  │                │  │                │  │                │  │                 
  │                                                                             
  └────────────────┘  └────────────────┘  └────────────────┘                    
  └────────────────┘                                                            
  Waiting for daemon telemetry                                                  
                                                                                