
  ┌─────────────────────┐  ┌─────────────────────┐  ┌─────────────────────┐  ┌─────────────────────┐
  │                     │  │                     │  │                     │  │                     │
  │  0                  │  │  0                  │  │  0                  │  │  0                  │
  │  Rules              │  │  Connections        │  │  Accepted           │  │  Dropped            │
  │                     │  │                     │  │                     │  │                     │
  └─────────────────────┘  └─────────────────────┘  └─────────────────────┘  └─────────────────────┘
  ┌────────────────────────────────┐
  │  Traffic mix                   │
  │  Accepted                0%    │
  │  Dropped                 0%    │
  │  Ignored                 0%    │
  └────────────────────────────────┘
  Short terminal: top lists omitted
  Waiting for daemon telemetry